[36mvite v5.4.21 [32mbuilding for production...[36m[39m
transforming...
[32mΓ£ô[39m 534 modules transformed.
rendering chunks...
computing gzip size...
[2mdist/[22m[32mindex.html                                      [39m[1m[2m      0.99 kB[22m[1m[22m[2m Γöé gzip:  0.42 kB[22m
[2mdist/[22m[32massets/LogoIconPixel-B3tMGd5-.png               [39m[1m[2m     15.13 kB[22m[1m[22m
[2mdist/[22m[32massets/9-Buq9cz68.svg                           [39m[1m[2m     23.02 kB[22m[1m[22m[2m Γöé gzip:  7.15 kB[22m
[2mdist/[22m[32massets/LogoPixelBros-BNrp5QO4.png               [39m[1m[2m     32.75 kB[22m[1m[22m
[2mdist/[22m[32massets/7-DIEESDAU.svg                           [39m[1m[2m     36.55 kB[22m[1m[22m[2m Γöé gzip: 11.84 kB[22m
[2mdist/[22m[32massets/2-DDoSR9o3.jpg                           [39m[1m[2m     37.17 kB[22m[1m[22m
[2mdist/[22m[32massets/3-CFMyc6Iz.jpg                           [39m[1m[2m     66.38 kB[22m[1m[22m
[2mdist/[22m[32massets/4-CNNPlum5.jpg                           [39m[1m[2m    140.68 kB[22m[1m[22m
[2mdist/[22m[32massets/5-CwnQS6CI.jpg                           [39m[1m[2m    183.20 kB[22m[1m[22m
[2mdist/[22m[32massets/1-BW7YOgMh.jpg                           [39m[1m[2m    266.47 kB[22m[1m[22m
[2mdist/[22m[32massets/6-DiKK7mQi.jpg                           [39m[1m[2m    285.25 kB[22m[1m[22m
[2mdist/[22m[32massets/5-CsOJ90NV.jpg                           [39m[1m[2m    291.24 kB[22m[1m[22m
[2mdist/[22m[32massets/2-B3Qdt_SZ.jpg                           [39m[1m[2m    303.97 kB[22m[1m[22m
[2mdist/[22m[32massets/1-CMoCorRF.jpg                           [39m[1m[2m    367.13 kB[22m[1m[22m
[2mdist/[22m[32massets/7-BddkdCmW.jpg                           [39m[1m[2m    451.49 kB[22m[1m[22m
[2mdist/[22m[32massets/4-DcdY56fT.jpg                           [39m[1m[2m    465.58 kB[22m[1m[22m
[2mdist/[22m[32massets/8-BRg8Z9SH.jpg                           [39m[1m[2m    564.73 kB[22m[1m[22m
[2mdist/[22m[32massets/8-BuyieeJu.gif                           [39m[1m[2m    569.64 kB[22m[1m[22m
[2mdist/[22m[32massets/12-308lI7ku.jpg                          [39m[1m[2m    577.32 kB[22m[1m[22m
[2mdist/[22m[32massets/6-L5mX268-.jpg                           [39m[1m[2m    730.33 kB[22m[1m[22m
[2mdist/[22m[32massets/2-BMOO8gAy.jpg                           [39m[1m[2m    753.98 kB[22m[1m[22m
[2mdist/[22m[32massets/4-IBEwJS2G.jpg                           [39m[1m[2m    913.92 kB[22m[1m[22m
[2mdist/[22m[32massets/1-e9iis82T.jpg                           [39m[1m[2m    951.07 kB[22m[1m[22m
[2mdist/[22m[32massets/5-gLRpwLae.jpg                           [39m[1m[2m    961.62 kB[22m[1m[22m
[2mdist/[22m[32massets/11-az4DVSCI.jpg                          [39m[1m[2m    968.95 kB[22m[1m[22m
[2mdist/[22m[32massets/3-DDK8mfSw.jpg                           [39m[1m[2m  1,050.68 kB[22m[1m[22m
[2mdist/[22m[32massets/DESING_MARKET_SLIDE-Cj16GjN-.mp4         [39m[1m[2m  1,205.21 kB[22m[1m[22m
[2mdist/[22m[32massets/10-CTm1vZX0.jpg                          [39m[1m[2m  1,222.30 kB[22m[1m[22m
[2mdist/[22m[32massets/6-1weavIv9.gif                           [39m[1m[2m  1,238.81 kB[22m[1m[22m
[2mdist/[22m[32massets/7-Cv6Slmq3.gif                           [39m[1m[2m  2,573.33 kB[22m[1m[22m
[2mdist/[22m[32massets/3-CL1bB1uA.gif                           [39m[1m[2m  2,607.11 kB[22m[1m[22m
[2mdist/[22m[32massets/13-CrUrCbX_.jpg                          [39m[1m[2m  2,758.07 kB[22m[1m[22m
[2mdist/[22m[32massets/DSC02996-Mejorado-NR-CgKbaUkY.jpg        [39m[1m[2m  2,891.83 kB[22m[1m[22m
[2mdist/[22m[32massets/DSC03047-Mejorado-NR-FqNIg2SN.jpg        [39m[1m[2m  2,987.65 kB[22m[1m[22m
[2mdist/[22m[32massets/DSC03067-Mejorado-NR-BkPslD8x.jpg        [39m[1m[2m  3,084.20 kB[22m[1m[22m
[2mdist/[22m[32massets/14-CcetTd4F.gif                          [39m[1m[2m  3,148.73 kB[22m[1m[22m
[2mdist/[22m[32massets/DSC02993-BtYPnrUZ.jpg                    [39m[1m[2m  3,319.07 kB[22m[1m[22m
[2mdist/[22m[32massets/FOTO_PERFIL-DrTV0KFc.jpg                 [39m[1m[2m  3,319.89 kB[22m[1m[22m
[2mdist/[22m[32massets/DSC02919-BKu0ETsm.jpg                    [39m[1m[2m  3,744.94 kB[22m[1m[22m
[2mdist/[22m[32massets/DSC02902-B7yZEpw5.jpg                    [39m[1m[2m  4,303.09 kB[22m[1m[22m
[2mdist/[22m[32massets/DSC02914-BOOpCOTv.jpg                    [39m[1m[2m  4,341.86 kB[22m[1m[22m
[2mdist/[22m[32massets/1-BKGim2ru.mp4                           [39m[1m[2m  5,567.60 kB[22m[1m[22m
[2mdist/[22m[32massets/DSC01395-DkVlAXNd.jpg                    [39m[1m[2m  5,616.69 kB[22m[1m[22m
[2mdist/[22m[32massets/DSC03968-CGxYyEAA.jpg                    [39m[1m[2m  5,970.47 kB[22m[1m[22m
[2mdist/[22m[32massets/DSC01410-Hk41J1x_.jpg                    [39m[1m[2m  6,542.77 kB[22m[1m[22m
[2mdist/[22m[32massets/DSC03992-CsaTyHRF.jpg                    [39m[1m[2m  7,060.57 kB[22m[1m[22m
[2mdist/[22m[32massets/DSC01387-D3fDY2X8.jpg                    [39m[1m[2m  7,250.03 kB[22m[1m[22m
[2mdist/[22m[32massets/DSC03835-DO0ZJkHo.jpg                    [39m[1m[2m  7,455.24 kB[22m[1m[22m
[2mdist/[22m[32massets/DSC06630-DUZ5yA9R.jpg                    [39m[1m[2m  7,669.89 kB[22m[1m[22m
[2mdist/[22m[32massets/DSC04057-C9I__G52.jpg                    [39m[1m[2m  7,774.13 kB[22m[1m[22m
[2mdist/[22m[32massets/DSC03973-DrD22vkv.jpg                    [39m[1m[2m  8,165.12 kB[22m[1m[22m
[2mdist/[22m[32massets/DSC06651-CGoMuuKg.jpg                    [39m[1m[2m  8,197.99 kB[22m[1m[22m
[2mdist/[22m[32massets/DSC02905 - copia-Dxb6e62m.jpg            [39m[1m[2m  8,242.91 kB[22m[1m[22m
[2mdist/[22m[32massets/DSC03827-Mejorado-NR-BVI50Iwa.jpg        [39m[1m[2m  8,316.26 kB[22m[1m[22m
[2mdist/[22m[32massets/DSC03202-Mejorado-NR-BrhBI0FE.jpg        [39m[1m[2m  8,910.83 kB[22m[1m[22m
[2mdist/[22m[32massets/DSC03810-w32LR-ob.jpg                    [39m[1m[2m  9,133.10 kB[22m[1m[22m
[2mdist/[22m[32massets/DSC03790-Mejorado-NR-CFcN7a78.jpg        [39m[1m[2m  9,139.95 kB[22m[1m[22m
[2mdist/[22m[32massets/DSC01373-BpWVuqVT.png                    [39m[1m[2m  9,296.01 kB[22m[1m[22m
[2mdist/[22m[32massets/DSC03836-702oCrEC.jpg                    [39m[1m[2m  9,303.24 kB[22m[1m[22m
[2mdist/[22m[32massets/DSC04043-BLTFGHL_.jpg                    [39m[1m[2m  9,406.64 kB[22m[1m[22m
[2mdist/[22m[32massets/8-BDpnn9od.gif                           [39m[1m[2m  9,434.24 kB[22m[1m[22m
[2mdist/[22m[32massets/DSC04010-B88EXwqT.jpg                    [39m[1m[2m  9,581.90 kB[22m[1m[22m
[2mdist/[22m[32massets/DSC04028-mSMuBB1K.jpg                    [39m[1m[2m  9,978.21 kB[22m[1m[22m
[2mdist/[22m[32massets/DSC04335-CeZp4iuZ.jpg                    [39m[1m[2m 10,811.49 kB[22m[1m[22m
[2mdist/[22m[32massets/DSC06570-cvpCATNQ.jpg                    [39m[1m[2m 10,951.91 kB[22m[1m[22m
[2mdist/[22m[32massets/DSC04020-DHt8n9AO.jpg                    [39m[1m[2m 11,114.78 kB[22m[1m[22m
[2mdist/[22m[32massets/DSC03870-Brn47pCX.jpg                    [39m[1m[2m 11,239.71 kB[22m[1m[22m
[2mdist/[22m[32massets/DSC04090-Cpvt27na.jpg                    [39m[1m[2m 12,377.66 kB[22m[1m[22m
[2mdist/[22m[32massets/DSC09539-DimqrX3E.jpg                    [39m[1m[2m 12,470.72 kB[22m[1m[22m
[2mdist/[22m[32massets/DSC06536-BErUC18g.jpg                    [39m[1m[2m 12,527.52 kB[22m[1m[22m
[2mdist/[22m[32massets/DSC01571-qaYU88aS.jpg                    [39m[1m[2m 13,672.48 kB[22m[1m[22m
[2mdist/[22m[32massets/DSC06646-CpDCX8AS.jpg                    [39m[1m[2m 13,816.21 kB[22m[1m[22m
[2mdist/[22m[32massets/DSC04397-DxHtJwLP.jpg                    [39m[1m[2m 13,875.43 kB[22m[1m[22m
[2mdist/[22m[32massets/DSC03812-DQCOjlDx.jpg                    [39m[1m[2m 14,500.25 kB[22m[1m[22m
[2mdist/[22m[32massets/DSC01386-DmH_rRlr.jpg                    [39m[1m[2m 14,663.94 kB[22m[1m[22m
[2mdist/[22m[32massets/DSC01528-BAyBaXQb.jpg                    [39m[1m[2m 15,361.03 kB[22m[1m[22m
[2mdist/[22m[32massets/DSC01370-DptbVi-Q.jpg                    [39m[1m[2m 15,871.52 kB[22m[1m[22m
[2mdist/[22m[32massets/LVT_COMIDA-BVpsRPdS.mp4                  [39m[1m[2m 16,254.12 kB[22m[1m[22m
[2mdist/[22m[32massets/BEBIDAS FRIAS_ELEVARIA-C0CKBnrM.mp4      [39m[1m[2m 17,087.81 kB[22m[1m[22m
[2mdist/[22m[32massets/DSC01391-CzNc0TUT.jpg                    [39m[1m[2m 17,286.12 kB[22m[1m[22m
[2mdist/[22m[32massets/GMS_AVANCE-DbSKCHoR.mp4                  [39m[1m[2m 17,600.74 kB[22m[1m[22m
[2mdist/[22m[32massets/DSC01576-Cjz7y5iR.jpg                    [39m[1m[2m 18,258.81 kB[22m[1m[22m
[2mdist/[22m[32massets/DSC06441-a5X57EIL.jpg                    [39m[1m[2m 18,761.06 kB[22m[1m[22m
[2mdist/[22m[32massets/DSC01544-DVU878ck.png                    [39m[1m[2m 18,891.66 kB[22m[1m[22m
[2mdist/[22m[32massets/DSC01538-pemA4pQ0.jpg                    [39m[1m[2m 19,021.22 kB[22m[1m[22m
[2mdist/[22m[32massets/DSC03868-B3aSeKcn.jpg                    [39m[1m[2m 19,506.76 kB[22m[1m[22m
[2mdist/[22m[32massets/3-CTqiXT-n.mp4                           [39m[1m[2m 19,606.13 kB[22m[1m[22m
[2mdist/[22m[32massets/BARBARIAN_LENTES-B0LxGXex.mp4            [39m[1m[2m 20,127.41 kB[22m[1m[22m
[2mdist/[22m[32massets/DSC09546-BTINNTYR.png                    [39m[1m[2m 24,826.09 kB[22m[1m[22m
[2mdist/[22m[32massets/DSC01483-EM8wyL0j.png                    [39m[1m[2m 24,941.84 kB[22m[1m[22m
[2mdist/[22m[32massets/DSC09542-BXkYLevI.png                    [39m[1m[2m 25,604.57 kB[22m[1m[22m
[2mdist/[22m[32massets/DSC09548-D3-8S4dA.png                    [39m[1m[2m 26,026.35 kB[22m[1m[22m
[2mdist/[22m[32massets/PLATOS_DECORATIVOS_DM-CCbI1Xo6.mp4       [39m[1m[2m 26,298.84 kB[22m[1m[22m
[2mdist/[22m[32massets/DSC01581-vcL5IYaD.png                    [39m[1m[2m 26,747.23 kB[22m[1m[22m
[2mdist/[22m[32massets/DSC01459-DU0cRNOP.png                    [39m[1m[2m 26,834.25 kB[22m[1m[22m
[2mdist/[22m[32massets/DSC01608-LIdQv0Hp.png                    [39m[1m[2m 27,067.45 kB[22m[1m[22m
[2mdist/[22m[32massets/DSC09733-D2JaU6Ey.png                    [39m[1m[2m 27,434.34 kB[22m[1m[22m
[2mdist/[22m[32massets/DSC09751-D0wuPQ3I.png                    [39m[1m[2m 28,115.77 kB[22m[1m[22m
[2mdist/[22m[32massets/CAFE_-CDfBQDMD.mp4                       [39m[1m[2m 28,791.95 kB[22m[1m[22m
[2mdist/[22m[32massets/DSC09763-B-K0bOwG.png                    [39m[1m[2m 28,795.48 kB[22m[1m[22m
[2mdist/[22m[32massets/DSC01604-ClBQR48M.png                    [39m[1m[2m 28,839.52 kB[22m[1m[22m
[2mdist/[22m[32massets/Pastilla del dia siguiente-sJuMHRjd.png  [39m[1m[2m 29,724.69 kB[22m[1m[22m
[2mdist/[22m[32massets/DSC01439-BrdRjCuA.png                    [39m[1m[2m 29,958.53 kB[22m[1m[22m
[2mdist/[22m[32massets/DSC01505-B_cixn7q.png                    [39m[1m[2m 30,102.72 kB[22m[1m[22m
[2mdist/[22m[32massets/DSC01596-C_C5449K.png                    [39m[1m[2m 31,901.87 kB[22m[1m[22m
[2mdist/[22m[32massets/DSC01462-DjpUE5I6.png                    [39m[1m[2m 33,798.98 kB[22m[1m[22m
[2mdist/[22m[32massets/LO HACEMOS POSIBLE_GMS-CmdMnE-1.mp4      [39m[1m[2m 35,351.89 kB[22m[1m[22m
[2mdist/[22m[32massets/DSC09759-CySS2Nti.png                    [39m[1m[2m 38,118.38 kB[22m[1m[22m
[2mdist/[22m[32massets/GMS_CARGAMENTO-PZsEu_1_.mp4              [39m[1m[2m 39,731.14 kB[22m[1m[22m
[2mdist/[22m[32massets/PANTALLA_ELEVARIA_NAVIDAD-BlPKN0Ts.mp4   [39m[1m[2m 50,192.76 kB[22m[1m[22m
[2mdist/[22m[32massets/1-BTS-cfIq.mp4                           [39m[1m[2m 50,552.76 kB[22m[1m[22m
[2mdist/[22m[32massets/3 TRAGOS_LVT-C085KfRi.mp4                [39m[1m[2m 53,431.73 kB[22m[1m[22m
[2mdist/[22m[32massets/1-CAOxdX6L.mp4                           [39m[1m[2m 58,339.47 kB[22m[1m[22m
[2mdist/[22m[32massets/BARBARIAN_OKTUBRE_FEST-CPpJWj6a.mp4      [39m[1m[2m 59,080.88 kB[22m[1m[22m
[2mdist/[22m[32massets/CLUB_DESING_DM-CEfYgDtl.mp4              [39m[1m[2m 60,573.75 kB[22m[1m[22m
[2mdist/[22m[32massets/GMS_TERRAZA-BHqTyZxq.mp4                 [39m[1m[2m 61,139.14 kB[22m[1m[22m
[2mdist/[22m[32massets/CARTA_BARBARIAN-4_Azqfsn.mp4             [39m[1m[2m 63,964.15 kB[22m[1m[22m
[2mdist/[22m[32massets/DM_SHOWROOM_-C8WUsF4K.mp4                [39m[1m[2m 65,909.75 kB[22m[1m[22m
[2mdist/[22m[32massets/BARBARIAN_KANAGAWA-ni22Mj27.mp4          [39m[1m[2m 75,210.98 kB[22m[1m[22m
[2mdist/[22m[32massets/BARBARIAN_ALMUERZOS-wMpVfAOQ.mp4         [39m[1m[2m 76,289.74 kB[22m[1m[22m
[2mdist/[22m[32massets/2-BgGpgpNJ.mp4                           [39m[1m[2m 79,426.44 kB[22m[1m[22m
[2mdist/[22m[32massets/GMS_PROYECTOS QUE INSPIRAN-BUeClbXG.mp4  [39m[1m[2m 81,503.65 kB[22m[1m[22m
[2mdist/[22m[32massets/1-BeETfOCd.mp4                           [39m[1m[2m 96,123.39 kB[22m[1m[22m
[2mdist/[22m[32massets/BARBARIAN_HALLOWEEN-ETQT5vbY.mp4         [39m[1m[2m 97,312.62 kB[22m[1m[22m
[2mdist/[22m[32massets/DM_CASA_R2-Cw1mJ9WQ.mp4                  [39m[1m[2m110,223.28 kB[22m[1m[22m
[2mdist/[22m[32massets/1-BkzmU_Df.mp4                           [39m[1m[2m154,259.16 kB[22m[1m[22m
[2mdist/[22m[32massets/GMS_HCO-D53XG-zn.mp4                     [39m[1m[2m186,428.02 kB[22m[1m[22m
[2mdist/[22m[35massets/index-BnAKMLRC.css                       [39m[1m[2m     43.40 kB[22m[1m[22m[2m Γöé gzip:  8.46 kB[22m
[2mdist/[22m[36massets/portfolio-menu-Cz6EMfLd.js               [39m[1m[2m      0.17 kB[22m[1m[22m[2m Γöé gzip:  0.15 kB[22m
[2mdist/[22m[36massets/portfolio-audiovisual-CGIaWTWX.js        [39m[1m[2m      0.25 kB[22m[1m[22m[2m Γöé gzip:  0.17 kB[22m
[2mdist/[22m[36massets/portfolio-social-VXxi9nos.js             [39m[1m[2m      0.95 kB[22m[1m[22m[2m Γöé gzip:  0.52 kB[22m
[2mdist/[22m[36massets/portfolio-diseno-BVHfH6Yc.js             [39m[1m[2m      1.04 kB[22m[1m[22m[2m Γöé gzip:  0.51 kB[22m
[2mdist/[22m[36massets/portfolio-fotografia-Cf1MgEph.js         [39m[1m[2m      2.82 kB[22m[1m[22m[2m Γöé gzip:  1.18 kB[22m
[2mdist/[22m[36massets/index-BM__ONJu.js                        [39m[1m[2m    142.21 kB[22m[1m[22m[2m Γöé gzip: 32.65 kB[22m
[2mdist/[22m[36massets/vendor-CDjJE9XY.js                       [39m[1m[2m    285.69 kB[22m[1m[22m[2m Γöé gzip: 93.30 kB[22m
[32mΓ£ô built in 1m 29s[39m
